avr. 17, 2025 4:03:12 PM Client main
AVERTISSEMENT: Erreur Client : null
avr. 17, 2025 4:04:32 PM Client main
AVERTISSEMENT: Erreur Client : null
avr. 17, 2025 4:07:16 PM Client main
INFOS: Fichier téléchargé et enregistré sous : Downloads/149daf7f-2e29-48b5-8e71-83f548b98900_FileD.txt
avr. 17, 2025 4:07:16 PM Client main
INFOS: Hash du fichier téléchargé : feff1519241767646b671a2dbd11d4e1
avr. 17, 2025 4:09:58 PM Client main
INFOS: Fichier téléchargé et enregistré sous : Downloads/0fc4ece1-3eeb-42a7-9c64-7733b827c86b_FileA.txt
avr. 17, 2025 4:09:58 PM Client main
INFOS: Hash du fichier téléchargé : 288a28975177e84eed6f3badf65601cd
avr. 17, 2025 4:11:48 PM Client main
INFOS: Fichier téléchargé et enregistré sous : Downloads/5cb52f65-bed7-4c5c-8b02-24a6e9b3a29c_FileA.txt
avr. 17, 2025 4:11:48 PM Client main
INFOS: Hash du fichier téléchargé : 288a28975177e84eed6f3badf65601cd
avr. 17, 2025 4:15:02 PM Client main
INFOS: Fichier téléchargé et enregistré sous : Downloads/a16da838-7bfc-4d92-9513-6f2896113bcc_FileA.txt
avr. 17, 2025 4:15:02 PM Client main
INFOS: Hash du fichier téléchargé : 288a28975177e84eed6f3badf65601cd
avr. 17, 2025 4:15:27 PM Client main
INFOS: Fichier téléchargé et enregistré sous : Downloads/5f4df836-dee3-4619-9e53-c7995daf5fa0_FileB.txt
avr. 17, 2025 4:15:27 PM Client main
INFOS: Hash du fichier téléchargé : 288a28975177e84eed6f3badf65601cd
