avr. 17, 2025 4:07:10 PM Slave run
INFOS: LIST : 127.0.0.1
avr. 17, 2025 4:07:10 PM Slave sendFileList
INFOS: Envoi de la liste des fichiers disponibles au client.
avr. 17, 2025 4:07:10 PM Slave sendFileList
INFOS: FileA.txt : 3213 octets
avr. 17, 2025 4:07:10 PM Slave sendFileList
INFOS: FileB.txt : 3213 octets
avr. 17, 2025 4:07:10 PM Slave sendFileList
INFOS: FileC.txt : 5490 octets
avr. 17, 2025 4:07:10 PM Slave sendFileList
INFOS: FileD.txt : 2922 octets
avr. 17, 2025 4:07:16 PM Slave run
INFOS: REQUIRE 3 2 : 127.0.0.1
avr. 17, 2025 4:07:16 PM Slave run
INFOS: REQUIRE 3 0 : 127.0.0.1
avr. 17, 2025 4:07:16 PM Slave handleDownload
INFOS: Traitement de la commande de téléchargement.
avr. 17, 2025 4:07:16 PM Slave handleDownload
INFOS: Traitement de la commande de téléchargement.
avr. 17, 2025 4:07:16 PM Slave handleDownload
INFOS: REQUIRE 3 2
avr. 17, 2025 4:07:16 PM Slave handleDownload
INFOS: REQUIRE 3 0
avr. 17, 2025 4:07:16 PM Slave handleDownload
INFOS: Fichier : FileD.txt, Bloc : 0, Taille : 1024 octets
avr. 17, 2025 4:07:16 PM Slave handleDownload
INFOS: Fichier : FileD.txt, Bloc : 2, Taille : 874 octets
avr. 17, 2025 4:07:16 PM Slave run
INFOS: REQUIRE 3 1 : 127.0.0.1
avr. 17, 2025 4:07:16 PM Slave handleDownload
INFOS: Traitement de la commande de téléchargement.
avr. 17, 2025 4:07:16 PM Slave handleDownload
INFOS: REQUIRE 3 1
avr. 17, 2025 4:07:16 PM Slave handleDownload
INFOS: Fichier : FileD.txt, Bloc : 1, Taille : 1024 octets
avr. 17, 2025 4:07:16 PM Slave handleFileHash
INFOS: Traitement de la commande de hash.
avr. 17, 2025 4:07:16 PM Slave handleFileHash
INFOS: HASH 3
avr. 17, 2025 4:07:16 PM Slave handleFileHash
INFOS: hashServ : feff1519241767646b671a2dbd11d4e1
avr. 17, 2025 4:07:16 PM Slave handleFileHash
INFOS: hashCli : feff1519241767646b671a2dbd11d4e1
avr. 17, 2025 4:07:16 PM Slave handleFileHash
INFOS: Ajouté à la liste des clients de confiance : 127.0.0.1
avr. 17, 2025 4:09:29 PM Slave run
INFOS: LIST : 127.0.0.1
avr. 17, 2025 4:09:29 PM Slave sendFileList
INFOS: Envoi de la liste des fichiers disponibles au client.
avr. 17, 2025 4:09:29 PM Slave sendFileList
INFOS: FileA.txt : 3213 octets
avr. 17, 2025 4:09:29 PM Slave sendFileList
INFOS: FileB.txt : 3213 octets
avr. 17, 2025 4:09:29 PM Slave sendFileList
INFOS: FileC.txt : 5490 octets
avr. 17, 2025 4:09:29 PM Slave sendFileList
INFOS: FileD.txt : 2922 octets
avr. 17, 2025 4:09:35 PM Slave run
INFOS: LIST : 127.0.0.1
avr. 17, 2025 4:09:35 PM Slave sendFileList
INFOS: Envoi de la liste des fichiers disponibles au client.
avr. 17, 2025 4:09:35 PM Slave sendFileList
INFOS: FileA.txt : 3213 octets
avr. 17, 2025 4:09:35 PM Slave sendFileList
INFOS: FileB.txt : 3213 octets
avr. 17, 2025 4:09:35 PM Slave sendFileList
INFOS: FileC.txt : 5490 octets
avr. 17, 2025 4:09:35 PM Slave sendFileList
INFOS: FileD.txt : 2922 octets
avr. 17, 2025 4:09:54 PM Slave run
INFOS: REQUIRE 1 0 : 127.0.0.1
avr. 17, 2025 4:09:54 PM Slave handleDownload
INFOS: Traitement de la commande de téléchargement.
avr. 17, 2025 4:09:54 PM Slave handleDownload
INFOS: REQUIRE 1 0
avr. 17, 2025 4:09:54 PM Slave handleDownload
INFOS: Fichier : FileB.txt, Bloc : 0, Taille : 1024 octets
avr. 17, 2025 4:09:54 PM Slave run
INFOS: REQUIRE 1 2 : 127.0.0.1
avr. 17, 2025 4:09:54 PM Slave handleDownload
INFOS: Traitement de la commande de téléchargement.
avr. 17, 2025 4:09:54 PM Slave handleDownload
INFOS: REQUIRE 1 2
avr. 17, 2025 4:09:54 PM Slave handleDownload
INFOS: Fichier : FileB.txt, Bloc : 2, Taille : 1024 octets
avr. 17, 2025 4:09:54 PM Slave run
INFOS: REQUIRE 1 3 : 127.0.0.1
avr. 17, 2025 4:09:54 PM Slave handleDownload
INFOS: Traitement de la commande de téléchargement.
avr. 17, 2025 4:09:54 PM Slave handleDownload
INFOS: REQUIRE 1 3
avr. 17, 2025 4:09:54 PM Slave handleDownload
INFOS: Fichier : FileB.txt, Bloc : 3, Taille : 141 octets
avr. 17, 2025 4:09:54 PM Slave run
INFOS: REQUIRE 1 1 : 127.0.0.1
avr. 17, 2025 4:09:54 PM Slave handleDownload
INFOS: Traitement de la commande de téléchargement.
avr. 17, 2025 4:09:54 PM Slave handleDownload
INFOS: REQUIRE 1 1
avr. 17, 2025 4:09:54 PM Slave handleDownload
INFOS: Fichier : FileB.txt, Bloc : 1, Taille : 1024 octets
avr. 17, 2025 4:09:54 PM Slave handleFileHash
INFOS: Traitement de la commande de hash.
avr. 17, 2025 4:09:54 PM Slave handleFileHash
INFOS: HASH 1
avr. 17, 2025 4:09:54 PM Slave handleFileHash
INFOS: hashServ : 288a28975177e84eed6f3badf65601cd
avr. 17, 2025 4:09:54 PM Slave handleFileHash
INFOS: hashCli : 288a28975177e84eed6f3badf65601cd
avr. 17, 2025 4:09:54 PM Slave handleFileHash
INFOS: Ajouté à la liste des clients de confiance : 127.0.0.1
avr. 17, 2025 4:09:54 PM Slave run
INFOS: LIST : 127.0.0.1
avr. 17, 2025 4:09:54 PM Slave sendFileList
INFOS: Envoi de la liste des fichiers disponibles au client.
avr. 17, 2025 4:09:54 PM Slave sendFileList
INFOS: FileA.txt : 3213 octets
avr. 17, 2025 4:09:54 PM Slave sendFileList
INFOS: FileB.txt : 3213 octets
avr. 17, 2025 4:09:54 PM Slave sendFileList
INFOS: FileC.txt : 5490 octets
avr. 17, 2025 4:09:54 PM Slave sendFileList
INFOS: FileD.txt : 2922 octets
avr. 17, 2025 4:09:57 PM Slave run
INFOS: REQUIRE 0 0 : 127.0.0.1
avr. 17, 2025 4:09:57 PM Slave handleDownload
INFOS: Traitement de la commande de téléchargement.
avr. 17, 2025 4:09:57 PM Slave handleDownload
INFOS: REQUIRE 0 0
avr. 17, 2025 4:09:57 PM Slave handleDownload
INFOS: Fichier : FileA.txt, Bloc : 0, Taille : 1024 octets
avr. 17, 2025 4:09:57 PM Slave run
INFOS: REQUIRE 0 1 : 127.0.0.1
avr. 17, 2025 4:09:57 PM Slave handleDownload
INFOS: Traitement de la commande de téléchargement.
avr. 17, 2025 4:09:57 PM Slave handleDownload
INFOS: REQUIRE 0 1
avr. 17, 2025 4:09:57 PM Slave handleDownload
INFOS: Fichier : FileA.txt, Bloc : 1, Taille : 1024 octets
avr. 17, 2025 4:09:57 PM Slave run
INFOS: REQUIRE 0 2 : 127.0.0.1
avr. 17, 2025 4:09:57 PM Slave handleDownload
INFOS: Traitement de la commande de téléchargement.
avr. 17, 2025 4:09:57 PM Slave handleDownload
INFOS: REQUIRE 0 2
avr. 17, 2025 4:09:57 PM Slave handleDownload
INFOS: Fichier : FileA.txt, Bloc : 2, Taille : 1024 octets
avr. 17, 2025 4:09:57 PM Slave run
INFOS: REQUIRE 0 3 : 127.0.0.1
avr. 17, 2025 4:09:57 PM Slave handleDownload
INFOS: Traitement de la commande de téléchargement.
avr. 17, 2025 4:09:57 PM Slave handleDownload
INFOS: REQUIRE 0 3
avr. 17, 2025 4:09:57 PM Slave handleDownload
INFOS: Fichier : FileA.txt, Bloc : 3, Taille : 141 octets
avr. 17, 2025 4:09:58 PM Slave handleFileHash
INFOS: Traitement de la commande de hash.
avr. 17, 2025 4:09:58 PM Slave handleFileHash
INFOS: HASH 0
avr. 17, 2025 4:09:58 PM Slave handleFileHash
INFOS: hashServ : 288a28975177e84eed6f3badf65601cd
avr. 17, 2025 4:09:58 PM Slave handleFileHash
INFOS: hashCli : 288a28975177e84eed6f3badf65601cd
avr. 17, 2025 4:09:58 PM Slave handleFileHash
INFOS: Ajouté à la liste des clients de confiance : 127.0.0.1
avr. 17, 2025 4:10:05 PM Slave run
INFOS: REQUIRE 1 2 : 127.0.0.1
avr. 17, 2025 4:10:05 PM Slave handleDownload
INFOS: Traitement de la commande de téléchargement.
avr. 17, 2025 4:10:05 PM Slave run
INFOS: REQUIRE 1 1 : 127.0.0.1
avr. 17, 2025 4:10:05 PM Slave handleDownload
INFOS: REQUIRE 1 2
avr. 17, 2025 4:10:05 PM Slave handleDownload
INFOS: Traitement de la commande de téléchargement.
avr. 17, 2025 4:10:05 PM Slave handleDownload
INFOS: Fichier : FileB.txt, Bloc : 2, Taille : 1024 octets
avr. 17, 2025 4:10:05 PM Slave handleDownload
INFOS: REQUIRE 1 1
avr. 17, 2025 4:10:05 PM Slave handleDownload
INFOS: Fichier : FileB.txt, Bloc : 1, Taille : 1024 octets
avr. 17, 2025 4:10:05 PM Slave run
INFOS: REQUIRE 1 3 : 127.0.0.1
avr. 17, 2025 4:10:05 PM Slave handleDownload
INFOS: Traitement de la commande de téléchargement.
avr. 17, 2025 4:10:05 PM Slave handleDownload
INFOS: REQUIRE 1 3
avr. 17, 2025 4:10:05 PM Slave handleDownload
INFOS: Fichier : FileB.txt, Bloc : 3, Taille : 141 octets
avr. 17, 2025 4:10:05 PM Slave run
INFOS: REQUIRE 1 0 : 127.0.0.1
avr. 17, 2025 4:10:05 PM Slave handleDownload
INFOS: Traitement de la commande de téléchargement.
avr. 17, 2025 4:10:05 PM Slave handleDownload
INFOS: REQUIRE 1 0
avr. 17, 2025 4:10:05 PM Slave handleDownload
INFOS: Fichier : FileB.txt, Bloc : 0, Taille : 1024 octets
avr. 17, 2025 4:10:06 PM Slave handleFileHash
INFOS: Traitement de la commande de hash.
avr. 17, 2025 4:10:06 PM Slave handleFileHash
INFOS: HASH 1
avr. 17, 2025 4:10:06 PM Slave handleFileHash
INFOS: hashServ : 288a28975177e84eed6f3badf65601cd
avr. 17, 2025 4:10:06 PM Slave handleFileHash
INFOS: hashCli : 288a28975177e84eed6f3badf65601cd
avr. 17, 2025 4:10:06 PM Slave handleFileHash
INFOS: Ajouté à la liste des clients de confiance : 127.0.0.1
avr. 17, 2025 4:11:22 PM Slave run
INFOS: LIST : 127.0.0.1
avr. 17, 2025 4:11:22 PM Slave sendFileList
INFOS: Envoi de la liste des fichiers disponibles au client.
avr. 17, 2025 4:11:22 PM Slave sendFileList
INFOS: FileA.txt : 3213 octets
avr. 17, 2025 4:11:22 PM Slave sendFileList
INFOS: FileB.txt : 3213 octets
avr. 17, 2025 4:11:22 PM Slave sendFileList
INFOS: FileC.txt : 5490 octets
avr. 17, 2025 4:11:22 PM Slave sendFileList
INFOS: FileD.txt : 2922 octets
avr. 17, 2025 4:11:33 PM Slave run
INFOS: LIST : 127.0.0.1
avr. 17, 2025 4:11:33 PM Slave sendFileList
INFOS: Envoi de la liste des fichiers disponibles au client.
avr. 17, 2025 4:11:33 PM Slave sendFileList
INFOS: FileA.txt : 3213 octets
avr. 17, 2025 4:11:33 PM Slave sendFileList
INFOS: FileB.txt : 3213 octets
avr. 17, 2025 4:11:33 PM Slave sendFileList
INFOS: FileC.txt : 5490 octets
avr. 17, 2025 4:11:33 PM Slave sendFileList
INFOS: FileD.txt : 2922 octets
avr. 17, 2025 4:11:48 PM Slave run
INFOS: REQUIRE 0 0 : 127.0.0.1
avr. 17, 2025 4:11:48 PM Slave handleDownload
INFOS: Traitement de la commande de téléchargement.
avr. 17, 2025 4:11:48 PM Slave handleDownload
INFOS: REQUIRE 0 0
avr. 17, 2025 4:11:48 PM Slave handleDownload
INFOS: Fichier : FileA.txt, Bloc : 0, Taille : 1024 octets
avr. 17, 2025 4:11:48 PM Slave run
INFOS: REQUIRE 0 2 : 127.0.0.1
avr. 17, 2025 4:11:48 PM Slave handleDownload
INFOS: Traitement de la commande de téléchargement.
avr. 17, 2025 4:11:48 PM Slave handleDownload
INFOS: REQUIRE 0 2
avr. 17, 2025 4:11:48 PM Slave handleDownload
INFOS: Fichier : FileA.txt, Bloc : 2, Taille : 1024 octets
avr. 17, 2025 4:11:48 PM Slave run
INFOS: REQUIRE 0 3 : 127.0.0.1
avr. 17, 2025 4:11:48 PM Slave handleDownload
INFOS: Traitement de la commande de téléchargement.
avr. 17, 2025 4:11:48 PM Slave handleDownload
INFOS: REQUIRE 0 3
avr. 17, 2025 4:11:48 PM Slave handleDownload
INFOS: Fichier : FileA.txt, Bloc : 3, Taille : 141 octets
avr. 17, 2025 4:11:48 PM Slave run
INFOS: REQUIRE 0 1 : 127.0.0.1
avr. 17, 2025 4:11:48 PM Slave handleDownload
INFOS: Traitement de la commande de téléchargement.
avr. 17, 2025 4:11:48 PM Slave handleDownload
INFOS: REQUIRE 0 1
avr. 17, 2025 4:11:48 PM Slave handleDownload
INFOS: Fichier : FileA.txt, Bloc : 1, Taille : 1024 octets
avr. 17, 2025 4:11:48 PM Slave handleFileHash
INFOS: Traitement de la commande de hash.
avr. 17, 2025 4:11:48 PM Slave handleFileHash
INFOS: HASH 0
avr. 17, 2025 4:11:48 PM Slave handleFileHash
INFOS: hashServ : 288a28975177e84eed6f3badf65601cd
avr. 17, 2025 4:11:48 PM Slave handleFileHash
INFOS: hashCli : 288a28975177e84eed6f3badf65601cd
avr. 17, 2025 4:11:48 PM Slave handleFileHash
INFOS: Ajouté à la liste des clients de confiance : 127.0.0.1
avr. 17, 2025 4:14:20 PM Slave run
INFOS: LIST : 127.0.0.1
avr. 17, 2025 4:14:20 PM Slave sendFileList
INFOS: Envoi de la liste des fichiers disponibles au client.
avr. 17, 2025 4:14:20 PM Slave sendFileList
INFOS: FileA.txt : 3213 octets
avr. 17, 2025 4:14:20 PM Slave sendFileList
INFOS: FileB.txt : 3213 octets
avr. 17, 2025 4:14:20 PM Slave sendFileList
INFOS: FileC.txt : 5490 octets
avr. 17, 2025 4:14:20 PM Slave sendFileList
INFOS: FileD.txt : 2922 octets
avr. 17, 2025 4:15:02 PM Slave run
INFOS: REQUIRE 0 1 : 127.0.0.1
avr. 17, 2025 4:15:02 PM Slave run
INFOS: REQUIRE 0 2 : 127.0.0.1
avr. 17, 2025 4:15:02 PM Slave handleDownload
INFOS: Traitement de la commande de téléchargement.
avr. 17, 2025 4:15:02 PM Slave handleDownload
INFOS: Traitement de la commande de téléchargement.
avr. 17, 2025 4:15:02 PM Slave handleDownload
INFOS: REQUIRE 0 1
avr. 17, 2025 4:15:02 PM Slave handleDownload
INFOS: REQUIRE 0 2
avr. 17, 2025 4:15:02 PM Slave handleDownload
INFOS: Fichier : FileA.txt, Bloc : 1, Taille : 1024 octets
avr. 17, 2025 4:15:02 PM Slave handleDownload
INFOS: Fichier : FileA.txt, Bloc : 2, Taille : 1024 octets
avr. 17, 2025 4:15:02 PM Slave run
INFOS: REQUIRE 0 3 : 127.0.0.1
avr. 17, 2025 4:15:02 PM Slave handleDownload
INFOS: Traitement de la commande de téléchargement.
avr. 17, 2025 4:15:02 PM Slave run
INFOS: REQUIRE 0 0 : 127.0.0.1
avr. 17, 2025 4:15:02 PM Slave handleDownload
INFOS: REQUIRE 0 3
avr. 17, 2025 4:15:02 PM Slave handleDownload
INFOS: Traitement de la commande de téléchargement.
avr. 17, 2025 4:15:02 PM Slave handleDownload
INFOS: REQUIRE 0 0
avr. 17, 2025 4:15:02 PM Slave handleDownload
INFOS: Fichier : FileA.txt, Bloc : 3, Taille : 141 octets
avr. 17, 2025 4:15:02 PM Slave handleDownload
INFOS: Fichier : FileA.txt, Bloc : 0, Taille : 1024 octets
avr. 17, 2025 4:15:02 PM Slave handleFileHash
INFOS: Traitement de la commande de hash.
avr. 17, 2025 4:15:02 PM Slave handleFileHash
INFOS: HASH 0
avr. 17, 2025 4:15:02 PM Slave handleFileHash
INFOS: hashServ : 288a28975177e84eed6f3badf65601cd
avr. 17, 2025 4:15:02 PM Slave handleFileHash
INFOS: hashCli : 288a28975177e84eed6f3badf65601cd
avr. 17, 2025 4:15:02 PM Slave handleFileHash
INFOS: Ajouté à la liste des clients de confiance : 127.0.0.1
avr. 17, 2025 4:15:09 PM Slave run
INFOS: REQUIRE 1 0 : 127.0.0.1
avr. 17, 2025 4:15:09 PM Slave run
INFOS: REQUIRE 1 2 : 127.0.0.1
avr. 17, 2025 4:15:09 PM Slave handleDownload
INFOS: Traitement de la commande de téléchargement.
avr. 17, 2025 4:15:09 PM Slave handleDownload
INFOS: REQUIRE 1 2
avr. 17, 2025 4:15:09 PM Slave run
INFOS: REQUIRE 1 3 : 127.0.0.1
avr. 17, 2025 4:15:09 PM Slave handleDownload
INFOS: Fichier : FileB.txt, Bloc : 2, Taille : 1024 octets
avr. 17, 2025 4:15:09 PM Slave handleDownload
INFOS: Traitement de la commande de téléchargement.
avr. 17, 2025 4:15:09 PM Slave handleDownload
INFOS: Traitement de la commande de téléchargement.
avr. 17, 2025 4:15:09 PM Slave handleDownload
INFOS: REQUIRE 1 0
avr. 17, 2025 4:15:09 PM Slave handleDownload
INFOS: REQUIRE 1 3
avr. 17, 2025 4:15:09 PM Slave handleDownload
INFOS: Fichier : FileB.txt, Bloc : 0, Taille : 1024 octets
avr. 17, 2025 4:15:09 PM Slave handleDownload
INFOS: Fichier : FileB.txt, Bloc : 3, Taille : 141 octets
avr. 17, 2025 4:15:09 PM Slave run
INFOS: REQUIRE 1 1 : 127.0.0.1
avr. 17, 2025 4:15:09 PM Slave handleDownload
INFOS: Traitement de la commande de téléchargement.
avr. 17, 2025 4:15:09 PM Slave handleDownload
INFOS: REQUIRE 1 1
avr. 17, 2025 4:15:09 PM Slave handleDownload
INFOS: Fichier : FileB.txt, Bloc : 1, Taille : 1024 octets
avr. 17, 2025 4:15:20 PM Slave run
INFOS: LIST : 127.0.0.1
avr. 17, 2025 4:15:20 PM Slave sendFileList
INFOS: Envoi de la liste des fichiers disponibles au client.
avr. 17, 2025 4:15:20 PM Slave sendFileList
INFOS: FileA.txt : 3213 octets
avr. 17, 2025 4:15:20 PM Slave sendFileList
INFOS: FileB.txt : 3213 octets
avr. 17, 2025 4:15:20 PM Slave sendFileList
INFOS: FileC.txt : 5490 octets
avr. 17, 2025 4:15:20 PM Slave sendFileList
INFOS: FileD.txt : 2922 octets
avr. 17, 2025 4:15:27 PM Slave run
INFOS: REQUIRE 1 1 : 127.0.0.1
avr. 17, 2025 4:15:27 PM Slave run
INFOS: REQUIRE 1 3 : 127.0.0.1
avr. 17, 2025 4:15:27 PM Slave handleDownload
INFOS: Traitement de la commande de téléchargement.
avr. 17, 2025 4:15:27 PM Slave handleDownload
INFOS: REQUIRE 1 3
avr. 17, 2025 4:15:27 PM Slave handleDownload
INFOS: Fichier : FileB.txt, Bloc : 3, Taille : 141 octets
avr. 17, 2025 4:15:27 PM Slave handleDownload
INFOS: Traitement de la commande de téléchargement.
avr. 17, 2025 4:15:27 PM Slave handleDownload
INFOS: REQUIRE 1 1
avr. 17, 2025 4:15:27 PM Slave handleDownload
INFOS: Fichier : FileB.txt, Bloc : 1, Taille : 1024 octets
avr. 17, 2025 4:15:27 PM Slave run
INFOS: REQUIRE 1 2 : 127.0.0.1
avr. 17, 2025 4:15:27 PM Slave handleDownload
INFOS: Traitement de la commande de téléchargement.
avr. 17, 2025 4:15:27 PM Slave run
INFOS: REQUIRE 1 0 : 127.0.0.1
avr. 17, 2025 4:15:27 PM Slave handleDownload
INFOS: Traitement de la commande de téléchargement.
avr. 17, 2025 4:15:27 PM Slave handleDownload
INFOS: REQUIRE 1 0
avr. 17, 2025 4:15:27 PM Slave handleDownload
INFOS: REQUIRE 1 2
avr. 17, 2025 4:15:27 PM Slave handleDownload
INFOS: Fichier : FileB.txt, Bloc : 0, Taille : 1024 octets
avr. 17, 2025 4:15:27 PM Slave handleDownload
INFOS: Fichier : FileB.txt, Bloc : 2, Taille : 1024 octets
avr. 17, 2025 4:15:27 PM Slave handleFileHash
INFOS: Traitement de la commande de hash.
avr. 17, 2025 4:15:27 PM Slave handleFileHash
INFOS: HASH 1
avr. 17, 2025 4:15:27 PM Slave handleFileHash
INFOS: hashServ : 288a28975177e84eed6f3badf65601cd
avr. 17, 2025 4:15:27 PM Slave handleFileHash
INFOS: hashCli : 288a28975177e84eed6f3badf65601cd
avr. 17, 2025 4:15:27 PM Slave handleFileHash
INFOS: Ajouté à la liste des clients de confiance : 127.0.0.1
avr. 17, 2025 4:19:56 PM Slave run
INFOS: LIST : 127.0.0.1
avr. 17, 2025 4:19:56 PM Slave sendFileList
INFOS: Envoi de la liste des fichiers disponibles au client.
avr. 17, 2025 4:19:56 PM Slave sendFileList
INFOS: FileA.txt : 3213 octets
avr. 17, 2025 4:19:56 PM Slave sendFileList
INFOS: FileB.txt : 3213 octets
avr. 17, 2025 4:19:56 PM Slave sendFileList
INFOS: FileC.txt : 5490 octets
avr. 17, 2025 4:19:56 PM Slave sendFileList
INFOS: FileD.txt : 2922 octets
avr. 17, 2025 4:20:05 PM Slave run
INFOS: LIST : 127.0.0.1
avr. 17, 2025 4:20:05 PM Slave sendFileList
INFOS: Envoi de la liste des fichiers disponibles au client.
avr. 17, 2025 4:20:05 PM Slave sendFileList
INFOS: FileA.txt : 3213 octets
avr. 17, 2025 4:20:05 PM Slave sendFileList
INFOS: FileB.txt : 3213 octets
avr. 17, 2025 4:20:05 PM Slave sendFileList
INFOS: FileC.txt : 5490 octets
avr. 17, 2025 4:20:05 PM Slave sendFileList
INFOS: FileD.txt : 2922 octets
avr. 17, 2025 4:20:12 PM Slave run
INFOS: REQUIRE 1 0 : 127.0.0.1
avr. 17, 2025 4:20:12 PM Slave handleDownload
INFOS: Traitement de la commande de téléchargement.
avr. 17, 2025 4:20:12 PM Slave handleDownload
INFOS: REQUIRE 1 0
avr. 17, 2025 4:20:12 PM Slave handleDownload
INFOS: Fichier : FileB.txt, Bloc : 0, Taille : 1024 octets
avr. 17, 2025 4:20:12 PM Slave run
INFOS: REQUIRE 1 2 : 127.0.0.1
avr. 17, 2025 4:20:12 PM Slave handleDownload
INFOS: Traitement de la commande de téléchargement.
avr. 17, 2025 4:20:12 PM Slave handleDownload
INFOS: REQUIRE 1 2
avr. 17, 2025 4:20:12 PM Slave handleDownload
INFOS: Fichier : FileB.txt, Bloc : 2, Taille : 1024 octets
avr. 17, 2025 4:20:12 PM Slave run
INFOS: REQUIRE 1 3 : 127.0.0.1
avr. 17, 2025 4:20:12 PM Slave handleDownload
INFOS: Traitement de la commande de téléchargement.
avr. 17, 2025 4:20:12 PM Slave handleDownload
INFOS: REQUIRE 1 3
avr. 17, 2025 4:20:12 PM Slave handleDownload
INFOS: Fichier : FileB.txt, Bloc : 3, Taille : 141 octets
avr. 17, 2025 4:20:12 PM Slave run
INFOS: REQUIRE 1 1 : 127.0.0.1
avr. 17, 2025 4:20:12 PM Slave handleDownload
INFOS: Traitement de la commande de téléchargement.
avr. 17, 2025 4:20:12 PM Slave handleDownload
INFOS: REQUIRE 1 1
avr. 17, 2025 4:20:12 PM Slave handleDownload
INFOS: Fichier : FileB.txt, Bloc : 1, Taille : 1024 octets
avr. 17, 2025 4:20:12 PM Slave handleFileHash
INFOS: Traitement de la commande de hash.
avr. 17, 2025 4:20:12 PM Slave handleFileHash
INFOS: HASH 1
avr. 17, 2025 4:20:12 PM Slave handleFileHash
INFOS: hashServ : 288a28975177e84eed6f3badf65601cd
avr. 17, 2025 4:20:12 PM Slave handleFileHash
INFOS: hashCli : 288a28975177e84eed6f3badf65601cd
avr. 17, 2025 4:20:12 PM Slave handleFileHash
INFOS: Ajouté à la liste des clients de confiance : 127.0.0.1
avr. 17, 2025 4:20:12 PM Slave run
INFOS: LIST : 127.0.0.1
avr. 17, 2025 4:20:12 PM Slave sendFileList
INFOS: Envoi de la liste des fichiers disponibles au client.
avr. 17, 2025 4:20:12 PM Slave sendFileList
INFOS: FileA.txt : 3213 octets
avr. 17, 2025 4:20:12 PM Slave sendFileList
INFOS: FileB.txt : 3213 octets
avr. 17, 2025 4:20:12 PM Slave sendFileList
INFOS: FileC.txt : 5490 octets
avr. 17, 2025 4:20:12 PM Slave sendFileList
INFOS: FileD.txt : 2922 octets
